// Jest Snapshot v1, https://goo.gl/fbAQLP

exports[`<Text> global render should render 1`] = `
.c0 {
  font-family: inherit;
  font-weight: 600;
}

<styled.span>
  <StyledComponent
    forwardedComponent={
      Object {
        "$$typeof": Symbol(react.forward_ref),
        "attrs": Array [],
        "componentStyle": ComponentStyle {
          "componentId": "sc-bdVaJa",
          "isStatic": false,
          "lastClassName": "c0",
          "rules": Array [
            "
  font-family: inherit;
  font-weight: 600;
",
          ],
        },
        "displayName": "styled.span",
        "foldedComponentIds": Array [],
        "render": [Function],
        "styledComponentId": "sc-bdVaJa",
        "target": "span",
        "toString": [Function],
        "warnTooManyClasses": [Function],
        "withComponent": [Function],
      }
    }
    forwardedRef={null}
  >
    <span
      className="c0"
    />
  </StyledComponent>
</styled.span>
`;
